// Jest Snapshot v1, https://goo.gl/fbAQLP

exports[`should correctly render Loading page 1`] = `
<div
  className="loader"
>
  <img
    className="loader__image"
    src="/img/loader.gif"
  />
</div>
`;
